Success.
Warning: Discarding unknown compound 'cycleway.lane' in type 'cycleway.lane|highway.secondary' (first occurrence for edge '24266790').
Warning: Discarding unknown compound 'cycleway.track' in type 'cycleway.track|highway.residential' (first occurrence for edge '24295062').
Warning: Discarding unknown compound 'bus' in type 'bus|highway.service' (first occurrence for edge '282564439').
Warning: Discarding unknown compound 'cycleway.track' in type 'cycleway.track|highway.primary' (first occurrence for edge '284919928').
Warning: Discarding unknown compound 'cycleway.track' in type 'cycleway.track|highway.tertiary' (first occurrence for edge '458200549').
Warning: Discarding unusable type 'waterway.ditch' (first occurrence for edge '607520404').
Warning: Discarding unusable type 'waterway.canal' (first occurrence for edge '776143486').
Warning: Discarding unusable type 'aeroway.helipad' (first occurrence for edge '1060375472').
Warning: Discarding unusable type 'waterway.stream' (first occurrence for edge '1253865803').
Warning: Discarding unusable type 'railway.proposed' (first occurrence for edge '1469947838').
Warning: Removing pt stop '4143584250' on non existing edge '435490934#0'.
Warning: Removing pt stop '4143584251' on non existing edge '522298548#2'.
Warning: Removing pt stop '9419699202' on non existing edge '435490934#6'.
Warning: Removing pt stop '9419699203' on non existing edge '522298548#0'.
Warning: Removing pt stop '9419699210' on non existing edge '435490934#4'.
Warning: PT line in relation 4185910 with no stops ignored. Probably OSM file is incomplete.
Warning: PT line in relation 4193499 with no stops ignored. Probably OSM file is incomplete.
Warning: PT line in relation 4203897 with no stops ignored. Probably OSM file is incomplete.
Warning: PT line in relation 4204154 with no stops ignored. Probably OSM file is incomplete.
Warning: PT line in relation 4204283 with no stops ignored. Probably OSM file is incomplete.
Warning: direction of restriction relation could not be determined
Warning: Ignoring restriction relation '6464045'.
Warning: No way found for reference '436924429' in relation '6486699'
Warning: No way found for reference '1228084500' in relation '6486699'
Warning: Ignoring restriction relation '6486699' with unknown from-way.
Warning: Ignoring restriction relation '6486699' with unknown to-way.
Warning: direction of restriction relation could not be determined
Warning: Ignoring restriction relation '6486977'.
Warning: No way found for reference '1130749767' in relation '6879231'
Warning: No way found for reference '1150977015' in relation '6879231'
Warning: Ignoring restriction relation '6879231' with unknown from-way.
Warning: Ignoring restriction relation '6879231' with unknown to-way.
Warning: No way found for reference '1130749767' in relation '6879232'
Warning: Ignoring restriction relation '6879232' with unknown from-way.
Warning: Ignoring restriction relation '6879233' with unknown from-way.
Warning: Ignoring restriction relation '6879233' with unknown to-way.
Warning: Ignoring restriction relation '6879234' with unknown to-way.
Warning: Ignoring restriction relation '7552560' with unknown from-way.
Warning: Ignoring restriction relation '7552560' with unknown to-way.
Warning: direction of restriction relation could not be determined
Warning: Ignoring restriction relation '12145397'.
Warning: Invalid color value 'purple' in relation 13677761
Warning: PT line 'Corredor Morado 404 → La Virgen' in relation 13677761 has a gap of 40 stops, only keeping first part.
Warning: Invalid color value 'purple' in relation 13677762
Warning: PT line 'Corredor Morado 404 → La Capilla' in relation 13677762 has a gap of 40 stops, only keeping first part.
Warning: Invalid color value 'purple' in relation 13677763
Warning: direction of restriction relation could not be determined
Warning: Ignoring restriction relation '15547092'.
Warning: direction of restriction relation could not be determined
Warning: Ignoring restriction relation '15550803'.
Warning: from-edge '1337802437' of restriction relation could not be determined
Warning: PT line 'Ruta 1' in relation 20125043 has a gap of 6 stops, only keeping first part.
Warning: Removed a road without junctions: -1095276082.
Warning: Removed a road without junctions: 1095276082.
Warning: Could not find corresponding edge or compatible lane for free-floating pt stop '9419699202' (Óvalo). Thus, it will be removed!
Warning: Cannot revise pt stop localization for pt line '13677761', which has no route edges. Ignoring!
Warning: Removed invalid stop '9419699206' from line '13677761'.
Warning: Removed invalid stop '9419699213' from line '13677761'.
Warning: Removed invalid stop '9419699221' from line '13677761'.
Warning: Cannot revise pt stop localization for pt line '13677762', which has no route edges. Ignoring!
Warning: Removed invalid stop '9419699225' from line '13677762'.
Warning: Removed invalid stop '9419699217' from line '13677762'.
Warning: Not joining junctions 10009794298,263384507,263384563 (not compact (maxEdge=24306456#0 length=9.08)).
Warning: Not joining junctions 10009794304,263384500,263384568 (not compact (maxEdge=129197993#3 length=5.82)).
Warning: Not joining junctions 10010083802,10010083803,1273864913,3854554750,3854554751,5433888564 (not compact (maxEdge=382262401#1 length=7.51)).
Warning: Not joining junctions 10010083811,10991152130,4139686852,4341221941,4341221951,8301738203 (not compact (maxEdge=1469334623#2 length=6.37)).
Warning: Not joining junctions 12430660863,262727920,262727921,262727987,3990727157,3990727158,5726890842 (parallel incoming 24266790#14,396267501#1).
Warning: Reducing junction cluster 10964552479,12231774444,12231774446,12379382874,12379454958,263379548 (parallel incoming -1180576088,-1338361638).
Warning: Reducing junction cluster 12359536846,12830166232,12830166235 (parallel incoming -1385767622,-1385767624).
Warning: Reducing junction cluster 12430741979,1425922063,1919628137,262727861,262727862,263373407,263374582,263376306,4143633195 (6 incoming edges).
Warning: Ambiguity in turnarounds computation at junction '2068555532'.
Warning: Ambiguity in turnarounds computation at junction 'cluster_263388227_263388269'.
Warning: Found sharp turn with radius 1.48 at the start of edge '-1183565701#0'.
Warning: Found sharp turn with radius 1.74 at the end of edge '-1183565701#1'.
Warning: Found angle of 131.31 degrees at edge '-1339924019', segment 3.
Warning: Found sharp turn with radius 3.63 at the end of edge '-24306245#1'.
Warning: Found sharp turn with radius 8.27 at the end of edge '-267124497#1'.
Warning: Found sharp turn with radius 6.63 at the start of edge '-50219097'.
Warning: Found angle of 102.42 degrees at edge '111893171', segment 0.
Warning: Found angle of 131.31 degrees at edge '426905956', segment 2.
Warning: Lane '-1338344287_0' is not connected from any incoming edge at junction '262727921'.
Warning: Minor green from edge '426905949#3' to edge '1449698446#0' exceeds 0.00m/s. Maybe a left-turn lane is missing.
Warning: Minor green from edge '426905949#5' to edge '24267118#0' exceeds 0.00m/s. Maybe a left-turn lane is missing.
Warning: Minor green from edge '-1449698446#1' to edge '426905952#1' exceeds 0.00m/s. Maybe a left-turn lane is missing.
Warning: The traffic light '12798226215' does not control any links; it will not be build.
Warning: Could not build program '0' for traffic light '12798226215'
Warning: The traffic light '12798226222' does not control any links; it will not be build.
Warning: Could not build program '0' for traffic light '12798226222'
Warning: The traffic light '12798226224' does not control any links; it will not be build.
Warning: Could not build program '0' for traffic light '12798226224'
Warning: The traffic light '262724824' does not control any links; it will not be build.
Warning: Could not build program '0' for traffic light '262724824'
Warning: The traffic light '262727964' does not control any links; it will not be build.
Warning: Could not build program '0' for traffic light '262727964'
Warning: Minor green from edge '1469334617#1' to edge '1469334618#0' exceeds 0.00m/s. Maybe a left-turn lane is missing.
Warning: Minor green from edge '-370644921#4' to edge '-465801063#8' exceeds 0.00m/s. Maybe a left-turn lane is missing.
Warning: Speed of straight connection '532053575#6_0->426905950_0' reduced by 7.00 due to turning radius of 8.63 (length=3.38, angle=39.73).
Warning: Speed of straight connection '-426905950_0->-532053575#6_0' reduced by 9.56 due to turning radius of 3.41 (length=1.13, angle=39.73).
Warning: Speed of straight connection '1321838816_0->24306331#1_1' reduced by 6.56 due to turning radius of 6.41 (length=6.10, angle=77.27).
Warning: Speed of straight connection '426904915#0_0->24266974#0_0' reduced by 6.81 due to turning radius of 3.36 (length=1.17, angle=41.08).
Warning: Speed of straight connection '24306644_0->24306635#0_0' reduced by 5.12 due to turning radius of 6.52 (length=6.06, angle=75.66).
Warning: Intersecting left turns at junction 'cluster_1425922040_1425922094_262730000_263108229_#6more' from lane '279876622#2_1' and lane '24267068#0_1' (increase junction radius to avoid this).
Warning: Intersecting left turns at junction 'cluster_263387436_263387437_263387630_4578541299' from lane '24306982#0_1' and lane '118847791#4_0' (increase junction radius to avoid this).
Warning: Intersecting left turns at junction 'cluster_4486005871_4486005872' from lane '451784828#0_0' and lane '-24266893#2_0' (increase junction radius to avoid this).
Warning: Stop '9411566769' named 'Los Nogales' from line '13736434' on edge '301585352#6' is not part of the route.
Warning: Stop '13477956785' named 'Parque Hermasia Paget' from line '20125043' on edge '621552650#1' is not part of the route downstream of the previous stop.
Warning: Removed 15 pt stops because they could not be assigned to the network
Warning: 16 total messages of type: Could not build program '%' for traffic light '%'
Warning: 16 total messages of type: Found sharp turn with radius % at the % of edge '%'.
Warning: 9 total messages of type: Ignoring restriction relation '%' with unknown from-way.
Warning: 9 total messages of type: Ignoring restriction relation '%' with unknown to-way.
Warning: 20 total messages of type: Ignoring restriction relation '%'.
Warning: 153 total messages of type: Minor green from edge '%' to edge '%' exceeds %m/s. Maybe a left-turn lane is missing.
Warning: 18 total messages of type: No way found for reference '%' in relation '%'
Warning: 36 total messages of type: Not joining junctions % (%).
Warning: 132 total messages of type: PT line in relation % with no stops ignored. Probably OSM file is incomplete.
Warning: 7 total messages of type: Removed invalid stop '%' from line '%'.
Warning: 22 total messages of type: Removing pt stop '%' on non existing edge '%'.
Warning: 12 total messages of type: Speed of % connection '%' reduced by % due to turning radius of % (length=%, angle=%).
Warning: 16 total messages of type: The traffic light '%' does not control any links; it will not be build.
Warning: 19 total messages of type: direction of restriction relation could not be determined%
